This is pdfTeX, Version 3.141592653-2.6-1.40.27 (TeX Live 2025) (preloaded format=pdflatex 2025.11.4)  4 JUN 2026 22:16
entering extended mode
 restricted \write18 enabled.
 file:line:error style messages enabled.
 %&-line parsing enabled.
**c:/Users/50307/Desktop/图像处理基础/project_1/report_workspace/latex/report.tex
(c:/Users/50307/Desktop/图像处理基础/project_1/report_workspace/latex/report.tex
LaTeX2e <2024-11-01> patch level 2
L3 programming layer <2025-01-18>
(d:/LaTex/texlive/2025/texmf-dist/tex/latex/base/article.cls
Document Class: article 2024/06/29 v1.4n Standard LaTeX document class
(d:/LaTex/texlive/2025/texmf-dist/tex/latex/base/size10.clo
File: size10.clo 2024/06/29 v1.4n Standard LaTeX file (size option)
)
\c@part=\count196
\c@section=\count197
\c@subsection=\count198
\c@subsubsection=\count199
\c@paragraph=\count266
\c@subparagraph=\count267
\c@figure=\count268
\c@table=\count269
\abovecaptionskip=\skip49
\belowcaptionskip=\skip50
\bibindent=\dimen141
) (d:/LaTex/texlive/2025/texmf-dist/tex/latex/ctex/ctex.sty (d:/LaTex/texlive/2025/texmf-dist/tex/latex/l3kernel/expl3.sty
Package: expl3 2025-01-18 L3 programming layer (loader) 
 (d:/LaTex/texlive/2025/texmf-dist/tex/latex/l3backend/l3backend-pdftex.def
File: l3backend-pdftex.def 2024-05-08 L3 backend support: PDF output (pdfTeX)
\l__color_backend_stack_int=\count270
\l__pdf_internal_box=\box52
))
Package: ctex 2022/07/14 v2.5.10 Chinese adapter in LaTeX (CTEX)
 (d:/LaTex/texlive/2025/texmf-dist/tex/latex/ctex/ctexhook.sty
Package: ctexhook 2022/07/14 v2.5.10 Document and package hooks (CTEX)
) (d:/LaTex/texlive/2025/texmf-dist/tex/latex/ctex/ctexpatch.sty
Package: ctexpatch 2022/07/14 v2.5.10 Patching commands (CTEX)
) (d:/LaTex/texlive/2025/texmf-dist/tex/latex/base/fix-cm.sty
Package: fix-cm 2020/11/24 v1.1t fixes to LaTeX
 (d:/LaTex/texlive/2025/texmf-dist/tex/latex/base/ts1enc.def
File: ts1enc.def 2001/06/05 v3.0e (jk/car/fm) Standard LaTeX file
LaTeX Font Info:    Redeclaring font encoding TS1 on input line 47.
))
\l__ctex_tmp_int=\count271
\l__ctex_tmp_box=\box53
\l__ctex_tmp_dim=\dimen142
\g__ctex_section_depth_int=\count272
\g__ctex_font_size_int=\count273
 (d:/LaTex/texlive/2025/texmf-dist/tex/latex/ctex/config/ctexopts.cfg
File: ctexopts.cfg 2022/07/14 v2.5.10 Option configuration file (CTEX)
) (d:/LaTex/texlive/2025/texmf-dist/tex/latex/ctex/engine/ctex-engine-pdftex.def
File: ctex-engine-pdftex.def 2022/07/14 v2.5.10 (pdf)LaTeX adapter (CTEX)
 (d:/LaTex/texlive/2025/texmf-dist/tex/latex/cjk/texinput/CJKutf8.sty
Package: CJKutf8 2021/10/16 4.8.5
 (d:/LaTex/texlive/2025/texmf-dist/tex/generic/iftex/ifpdf.sty
Package: ifpdf 2019/10/25 v3.4 ifpdf legacy package. Use iftex instead.
 (d:/LaTex/texlive/2025/texmf-dist/tex/generic/iftex/iftex.sty
Package: iftex 2024/12/12 v1.0g TeX engine tests
)) (d:/LaTex/texlive/2025/texmf-dist/tex/latex/base/inputenc.sty
Package: inputenc 2024/02/08 v1.3d Input encoding file
\inpenc@prehook=\toks17
\inpenc@posthook=\toks18
) (d:/LaTex/texlive/2025/texmf-dist/tex/latex/cjk/texinput/CJK.sty
Package: CJK 2021/10/16 4.8.5
 (d:/LaTex/texlive/2025/texmf-dist/tex/latex/cjk/texinput/mule/MULEenc.sty
Package: MULEenc 2021/10/16 4.8.5
) (d:/LaTex/texlive/2025/texmf-dist/tex/latex/cjk/texinput/CJK.enc
File: CJK.enc 2021/10/16 4.8.5
Now handling font encoding C00 ...
... no UTF-8 mapping file for font encoding C00
Now handling font encoding C05 ...
... no UTF-8 mapping file for font encoding C05
Now handling font encoding C09 ...
... no UTF-8 mapping file for font encoding C09
Now handling font encoding C10 ...
... no UTF-8 mapping file for font encoding C10
Now handling font encoding C20 ...
... no UTF-8 mapping file for font encoding C20
Now handling font encoding C19 ...
... no UTF-8 mapping file for font encoding C19
Now handling font encoding C40 ...
... no UTF-8 mapping file for font encoding C40
Now handling font encoding C42 ...
... no UTF-8 mapping file for font encoding C42
Now handling font encoding C43 ...
... no UTF-8 mapping file for font encoding C43
Now handling font encoding C50 ...
... no UTF-8 mapping file for font encoding C50
Now handling font encoding C52 ...
... no UTF-8 mapping file for font encoding C52
Now handling font encoding C49 ...
... no UTF-8 mapping file for font encoding C49
Now handling font encoding C60 ...
... no UTF-8 mapping file for font encoding C60
Now handling font encoding C61 ...
... no UTF-8 mapping file for font encoding C61
Now handling font encoding C63 ...
... no UTF-8 mapping file for font encoding C63
Now handling font encoding C64 ...
... no UTF-8 mapping file for font encoding C64
Now handling font encoding C65 ...
... no UTF-8 mapping file for font encoding C65
Now handling font encoding C70 ...
... no UTF-8 mapping file for font encoding C70
Now handling font encoding C31 ...
... no UTF-8 mapping file for font encoding C31
Now handling font encoding C32 ...
... no UTF-8 mapping file for font encoding C32
Now handling font encoding C33 ...
... no UTF-8 mapping file for font encoding C33
Now handling font encoding C34 ...
... no UTF-8 mapping file for font encoding C34
Now handling font encoding C35 ...
... no UTF-8 mapping file for font encoding C35
Now handling font encoding C36 ...
... no UTF-8 mapping file for font encoding C36
Now handling font encoding C37 ...
... no UTF-8 mapping file for font encoding C37
Now handling font encoding C80 ...
... no UTF-8 mapping file for font encoding C80
Now handling font encoding C81 ...
... no UTF-8 mapping file for font encoding C81
Now handling font encoding C01 ...
... no UTF-8 mapping file for font encoding C01
Now handling font encoding C11 ...
... no UTF-8 mapping file for font encoding C11
Now handling font encoding C21 ...
... no UTF-8 mapping file for font encoding C21
Now handling font encoding C41 ...
... no UTF-8 mapping file for font encoding C41
Now handling font encoding C62 ...
... no UTF-8 mapping file for font encoding C62
)
\CJK@indent=\box54
) (d:/LaTex/texlive/2025/texmf-dist/tex/latex/base/fontenc.sty
Package: fontenc 2021/04/29 v2.0v Standard LaTeX package
)) (d:/LaTex/texlive/2025/texmf-dist/tex/latex/cjkpunct/CJKpunct.sty
Package: CJKpunct 2016/05/14 4.8.4
\CJKpunct@cnta=\count274
\CJKpunct@cntb=\count275
\CJKpunct@cntc=\count276
\CJKpunct@cntd=\count277
\CJKpunct@cnte=\count278
   defining Unicode char U+2018 (decimal 8216)
   defining Unicode char U+2019 (decimal 8217)
   defining Unicode char U+201C (decimal 8220)
   defining Unicode char U+201D (decimal 8221)
   defining Unicode char U+2014 (decimal 8212)
   defining Unicode char U+2026 (decimal 8230)
 (d:/LaTex/texlive/2025/texmf-dist/tex/latex/cjkpunct/CJKpunct.spa)) (d:/LaTex/texlive/2025/texmf-dist/tex/latex/cjk/texinput/CJKspace.sty
Package: CJKspace 2021/10/16 3.8.0
) (d:/LaTex/texlive/2025/texmf-dist/tex/latex/cjk/texinput/UTF8/UTF8.bdg
File: UTF8.bdg 2021/10/16 4.8.5
) (d:/LaTex/texlive/2025/texmf-dist/tex/latex/ctex/ctexspa.def
File: ctexspa.def 2022/07/14 v2.5.10 Space info for CJKpunct (CTEX)
)
\ccwd=\dimen143
\l__ctex_ccglue_skip=\skip51
)
\l__ctex_ziju_dim=\dimen144
 (d:/LaTex/texlive/2025/texmf-dist/tex/latex/zhnumber/zhnumber.sty
Package: zhnumber 2022/07/14 v3.0 Typesetting numbers with Chinese glyphs
\l__zhnum_scale_int=\count279
\l__zhnum_tmp_int=\count280
 (d:/LaTex/texlive/2025/texmf-dist/tex/latex/zhnumber/zhnumber-utf8.cfg
File: zhnumber-utf8.cfg 2022/07/14 v3.0 Chinese numerals with UTF8 encoding
)) (d:/LaTex/texlive/2025/texmf-dist/tex/latex/ctex/scheme/ctex-scheme-chinese.def
File: ctex-scheme-chinese.def 2022/07/14 v2.5.10 Chinese scheme for generic (CTEX)
 (d:/LaTex/texlive/2025/texmf-dist/tex/latex/ctex/config/ctex-name-utf8.cfg
File: ctex-name-utf8.cfg 2022/07/14 v2.5.10 Caption with encoding UTF-8 (CTEX)
)) (d:/LaTex/texlive/2025/texmf-dist/tex/latex/tools/indentfirst.sty
Package: indentfirst 2023/07/02 v1.03 Indent first paragraph (DPC)
) (d:/LaTex/texlive/2025/texmf-dist/tex/latex/ctex/fontset/ctex-fontset-windows.def
File: ctex-fontset-windows.def 2022/07/14 v2.5.10 Windows fonts definition (CTEX)
)) (d:/LaTex/texlive/2025/texmf-dist/tex/latex/ctex/config/ctex.cfg
File: ctex.cfg 2022/07/14 v2.5.10 Configuration file (CTEX)
) (./cvpr.sty
Package: cvpr 2026 LaTeX class for IEEE CVPR
 (d:/LaTex/texlive/2025/texmf-dist/tex/latex/psnfss/times.sty
Package: times 2020/03/25 PSNFSS-v9.3 (SPQR) 
) (d:/LaTex/texlive/2025/texmf-dist/tex/latex/tools/xspace.sty
Package: xspace 2014/10/28 v1.13 Space after command names (DPC,MH)
) (d:/LaTex/texlive/2025/texmf-dist/tex/latex/xcolor/xcolor.sty
Package: xcolor 2024/09/29 v3.02 LaTeX color extensions (UK)
 (d:/LaTex/texlive/2025/texmf-dist/tex/latex/graphics-cfg/color.cfg
File: color.cfg 2016/01/02 v1.6 sample color configuration
)
Package xcolor Info: Driver file: pdftex.def on input line 274.
 (d:/LaTex/texlive/2025/texmf-dist/tex/latex/graphics-def/pdftex.def
File: pdftex.def 2024/04/13 v1.2c Graphics/color driver for pdftex
) (d:/LaTex/texlive/2025/texmf-dist/tex/latex/graphics/mathcolor.ltx)
Package xcolor Info: Model `cmy' substituted by `cmy0' on input line 1349.
Package xcolor Info: Model `hsb' substituted by `rgb' on input line 1353.
Package xcolor Info: Model `RGB' extended on input line 1365.
Package xcolor Info: Model `HTML' substituted by `rgb' on input line 1367.
Package xcolor Info: Model `Hsb' substituted by `hsb' on input line 1368.
Package xcolor Info: Model `tHsb' substituted by `hsb' on input line 1369.
Package xcolor Info: Model `HSB' substituted by `hsb' on input line 1370.
Package xcolor Info: Model `Gray' substituted by `gray' on input line 1371.
Package xcolor Info: Model `wave' substituted by `hsb' on input line 1372.
) (d:/LaTex/texlive/2025/texmf-dist/tex/latex/graphics/dvipsnam.def
File: dvipsnam.def 2016/06/17 v3.0m Driver-dependent file (DPC,SPQR)
) (d:/LaTex/texlive/2025/texmf-dist/tex/latex/graphics/graphicx.sty
Package: graphicx 2021/09/16 v1.2d Enhanced LaTeX Graphics (DPC,SPQR)
 (d:/LaTex/texlive/2025/texmf-dist/tex/latex/graphics/keyval.sty
Package: keyval 2022/05/29 v1.15 key=value parser (DPC)
\KV@toks@=\toks19
) (d:/LaTex/texlive/2025/texmf-dist/tex/latex/graphics/graphics.sty
Package: graphics 2024/08/06 v1.4g Standard LaTeX Graphics (DPC,SPQR)
 (d:/LaTex/texlive/2025/texmf-dist/tex/latex/graphics/trig.sty
Package: trig 2023/12/02 v1.11 sin cos tan (DPC)
) (d:/LaTex/texlive/2025/texmf-dist/tex/latex/graphics-cfg/graphics.cfg
File: graphics.cfg 2016/06/04 v1.11 sample graphics configuration
)
Package graphics Info: Driver file: pdftex.def on input line 106.
)
\Gin@req@height=\dimen145
\Gin@req@width=\dimen146
) (d:/LaTex/texlive/2025/texmf-dist/tex/latex/amsmath/amsmath.sty
Package: amsmath 2024/11/05 v2.17t AMS math features
\@mathmargin=\skip52

For additional information on amsmath, use the `?' option.
(d:/LaTex/texlive/2025/texmf-dist/tex/latex/amsmath/amstext.sty
Package: amstext 2021/08/26 v2.01 AMS text
 (d:/LaTex/texlive/2025/texmf-dist/tex/latex/amsmath/amsgen.sty
File: amsgen.sty 1999/11/30 v2.0 generic functions
\@emptytoks=\toks20
\ex@=\dimen147
)) (d:/LaTex/texlive/2025/texmf-dist/tex/latex/amsmath/amsbsy.sty
Package: amsbsy 1999/11/29 v1.2d Bold Symbols
\pmbraise@=\dimen148
) (d:/LaTex/texlive/2025/texmf-dist/tex/latex/amsmath/amsopn.sty
Package: amsopn 2022/04/08 v2.04 operator names
)
\inf@bad=\count281
LaTeX Info: Redefining \frac on input line 233.
\uproot@=\count282
\leftroot@=\count283
LaTeX Info: Redefining \overline on input line 398.
LaTeX Info: Redefining \colon on input line 409.
\classnum@=\count284
\DOTSCASE@=\count285
LaTeX Info: Redefining \ldots on input line 495.
LaTeX Info: Redefining \dots on input line 498.
LaTeX Info: Redefining \cdots on input line 619.
\Mathstrutbox@=\box55
\strutbox@=\box56
LaTeX Info: Redefining \big on input line 721.
LaTeX Info: Redefining \Big on input line 722.
LaTeX Info: Redefining \bigg on input line 723.
LaTeX Info: Redefining \Bigg on input line 724.
\big@size=\dimen149
LaTeX Font Info:    Redeclaring font encoding OML on input line 742.
LaTeX Font Info:    Redeclaring font encoding OMS on input line 743.
\macc@depth=\count286
LaTeX Info: Redefining \bmod on input line 904.
LaTeX Info: Redefining \pmod on input line 909.
LaTeX Info: Redefining \smash on input line 939.
LaTeX Info: Redefining \relbar on input line 969.
LaTeX Info: Redefining \Relbar on input line 970.
\c@MaxMatrixCols=\count287
\dotsspace@=\muskip17
\c@parentequation=\count288
\dspbrk@lvl=\count289
\tag@help=\toks21
\row@=\count290
\column@=\count291
\maxfields@=\count292
\andhelp@=\toks22
\eqnshift@=\dimen150
\alignsep@=\dimen151
\tagshift@=\dimen152
\tagwidth@=\dimen153
\totwidth@=\dimen154
\lineht@=\dimen155
\@envbody=\toks23
\multlinegap=\skip53
\multlinetaggap=\skip54
\mathdisplay@stack=\toks24
LaTeX Info: Redefining \[ on input line 2953.
LaTeX Info: Redefining \] on input line 2954.
) (d:/LaTex/texlive/2025/texmf-dist/tex/latex/amsfonts/amssymb.sty
Package: amssymb 2013/01/14 v3.01 AMS font symbols
 (d:/LaTex/texlive/2025/texmf-dist/tex/latex/amsfonts/amsfonts.sty
Package: amsfonts 2013/01/14 v3.01 Basic AMSFonts support
\symAMSa=\mathgroup4
\symAMSb=\mathgroup5
LaTeX Font Info:    Redeclaring math symbol \hbar on input line 98.
LaTeX Font Info:    Overwriting math alphabet `\mathfrak' in version `bold'
(Font)                  U/euf/m/n --> U/euf/b/n on input line 106.
)) (d:/LaTex/texlive/2025/texmf-dist/tex/latex/booktabs/booktabs.sty
Package: booktabs 2020/01/12 v1.61803398 Publication quality tables
\heavyrulewidth=\dimen156
\lightrulewidth=\dimen157
\cmidrulewidth=\dimen158
\belowrulesep=\dimen159
\belowbottomsep=\dimen160
\aboverulesep=\dimen161
\abovetopsep=\dimen162
\cmidrulesep=\dimen163
\cmidrulekern=\dimen164
\defaultaddspace=\dimen165
\@cmidla=\count293
\@cmidlb=\count294
\@aboverulesep=\dimen166
\@belowrulesep=\dimen167
\@thisruleclass=\count295
\@lastruleclass=\count296
\@thisrulewidth=\dimen168
) (d:/LaTex/texlive/2025/texmf-dist/tex/latex/natbib/natbib.sty
Package: natbib 2010/09/13 8.31b (PWD, AO)
\bibhang=\skip55
\bibsep=\skip56
LaTeX Info: Redefining \cite on input line 694.
\c@NAT@ctr=\count297
) (d:/LaTex/texlive/2025/texmf-dist/tex/latex/silence/silence.sty
Package: silence 2012/07/02 v1.5b Selective filtering of warnings and error messages
\sl@Save=\count298
\sl@StateNumber=\count299
\sl@MessageCount=\count300
\sl@Casualties=\count301
\sl@Filter=\toks25
\sl@Message=\toks26
\sl@UnexpandedMessage=\toks27
\sl@Mess@ge=\toks28
\sl@WarningCount=\count302
\sl@WarningNumber=\count303
\sl@WarningCasualties=\count304
\sl@TempBOW=\toks29
\sl@BankOfWarnings=\toks30
LaTeX Info: Redefining \GenericWarning on input line 433.
\sl@ErrorCount=\count305
\sl@ErrorNumber=\count306
\sl@ErrorCasualties=\count307
\sl@TempBOE=\toks31
\sl@BankOfErrors=\toks32
LaTeX Info: Redefining \GenericError on input line 601.
) (d:/LaTex/texlive/2025/texmf-dist/tex/latex/etoolbox/etoolbox.sty
Package: etoolbox 2025/02/11 v2.5l e-TeX tools for LaTeX (JAW)
\etb@tempcnta=\count308
) (d:/LaTex/texlive/2025/texmf-dist/tex/latex/caption/caption.sty
Package: caption 2023/08/05 v3.6o Customizing captions (AR)
 (d:/LaTex/texlive/2025/texmf-dist/tex/latex/caption/caption3.sty
Package: caption3 2023/07/31 v2.4d caption3 kernel (AR)
\caption@tempdima=\dimen169
\captionmargin=\dimen170
\caption@leftmargin=\dimen171
\caption@rightmargin=\dimen172
\caption@width=\dimen173
\caption@indent=\dimen174
\caption@parindent=\dimen175
\caption@hangindent=\dimen176
Package caption Info: Standard document class detected.
)
\c@caption@flags=\count309
\c@continuedfloat=\count310
) (d:/LaTex/texlive/2025/texmf-dist/tex/latex/caption/subcaption.sty
Package: subcaption 2023/07/28 v1.6b Sub-captions (AR)
Package caption Info: New subtype `subfigure' on input line 238.
\c@subfigure=\count311
Package caption Info: New subtype `subtable' on input line 238.
\c@subtable=\count312
) (d:/LaTex/texlive/2025/texmf-dist/tex/latex/url/url.sty
\Urlmuskip=\muskip18
Package: url 2013/09/16  ver 3.4  Verb mode for urls, etc.
)
CVPR 8.5 x 11-Inch Proceedings Style `cvpr.sty'.
(d:/LaTex/texlive/2025/texmf-dist/tex/latex/enumitem/enumitem.sty
Package: enumitem 2025/02/06 v3.11 Customized lists
\labelindent=\skip57
\enit@outerparindent=\dimen177
\enit@toks=\toks33
\enit@inbox=\box57
\enit@count@id=\count313
\enitdp@description=\count314
)) (./preamble.tex) (d:/LaTex/texlive/2025/texmf-dist/tex/latex/hyperref/hyperref.sty
Package: hyperref 2024-11-05 v7.01l Hypertext links for LaTeX
 (d:/LaTex/texlive/2025/texmf-dist/tex/latex/kvsetkeys/kvsetkeys.sty
Package: kvsetkeys 2022-10-05 v1.19 Key value parser (HO)
) (d:/LaTex/texlive/2025/texmf-dist/tex/generic/kvdefinekeys/kvdefinekeys.sty
Package: kvdefinekeys 2019-12-19 v1.6 Define keys (HO)
) (d:/LaTex/texlive/2025/texmf-dist/tex/generic/pdfescape/pdfescape.sty
Package: pdfescape 2019/12/09 v1.15 Implements pdfTeX's escape features (HO)
 (d:/LaTex/texlive/2025/texmf-dist/tex/generic/ltxcmds/ltxcmds.sty
Package: ltxcmds 2023-12-04 v1.26 LaTeX kernel commands for general use (HO)
) (d:/LaTex/texlive/2025/texmf-dist/tex/generic/pdftexcmds/pdftexcmds.sty
Package: pdftexcmds 2020-06-27 v0.33 Utility functions of pdfTeX for LuaTeX (HO)
 (d:/LaTex/texlive/2025/texmf-dist/tex/generic/infwarerr/infwarerr.sty
Package: infwarerr 2019/12/03 v1.5 Providing info/warning/error messages (HO)
)
Package pdftexcmds Info: \pdf@primitive is available.
Package pdftexcmds Info: \pdf@ifprimitive is available.
Package pdftexcmds Info: \pdfdraftmode found.
)) (d:/LaTex/texlive/2025/texmf-dist/tex/latex/hycolor/hycolor.sty
Package: hycolor 2020-01-27 v1.10 Color options for hyperref/bookmark (HO)
) (d:/LaTex/texlive/2025/texmf-dist/tex/latex/hyperref/nameref.sty
Package: nameref 2023-11-26 v2.56 Cross-referencing by name of section
 (d:/LaTex/texlive/2025/texmf-dist/tex/latex/refcount/refcount.sty
Package: refcount 2019/12/15 v3.6 Data extraction from label references (HO)
) (d:/LaTex/texlive/2025/texmf-dist/tex/generic/gettitlestring/gettitlestring.sty
Package: gettitlestring 2019/12/15 v1.6 Cleanup title references (HO)
 (d:/LaTex/texlive/2025/texmf-dist/tex/latex/kvoptions/kvoptions.sty
Package: kvoptions 2022-06-15 v3.15 Key value format for package options (HO)
))
\c@section@level=\count315
) (d:/LaTex/texlive/2025/texmf-dist/tex/generic/stringenc/stringenc.sty
Package: stringenc 2019/11/29 v1.12 Convert strings between diff. encodings (HO)
)
\@linkdim=\dimen178
\Hy@linkcounter=\count316
\Hy@pagecounter=\count317
 (d:/LaTex/texlive/2025/texmf-dist/tex/latex/hyperref/pd1enc.def
File: pd1enc.def 2024-11-05 v7.01l Hyperref: PDFDocEncoding definition (HO)
Now handling font encoding PD1 ...
... no UTF-8 mapping file for font encoding PD1
) (d:/LaTex/texlive/2025/texmf-dist/tex/generic/intcalc/intcalc.sty
Package: intcalc 2019/12/15 v1.3 Expandable calculations with integers (HO)
)
\Hy@SavedSpaceFactor=\count318
 (d:/LaTex/texlive/2025/texmf-dist/tex/latex/hyperref/puenc.def
File: puenc.def 2024-11-05 v7.01l Hyperref: PDF Unicode definition (HO)
Now handling font encoding PU ...
... no UTF-8 mapping file for font encoding PU
)
Package hyperref Info: Option `unicode' set `true' on input line 4040.
Package hyperref Info: Option `breaklinks' set `true' on input line 4040.
Package hyperref Info: Option `colorlinks' set `true' on input line 4040.
Package hyperref Info: Hyper figures OFF on input line 4157.
Package hyperref Info: Link nesting OFF on input line 4162.
Package hyperref Info: Hyper index ON on input line 4165.
Package hyperref Info: Plain pages OFF on input line 4172.
Package hyperref Info: Backreferencing ON on input line 4175.
Package hyperref Info: Implicit mode ON; LaTeX internals redefined.
Package hyperref Info: Bookmarks ON on input line 4424.
 (d:/LaTex/texlive/2025/texmf-dist/tex/latex/hyperref/backref.sty
Package: backref 2023-11-26 v1.44 Bibliographical back referencing
 (d:/LaTex/texlive/2025/texmf-dist/tex/latex/rerunfilecheck/rerunfilecheck.sty
Package: rerunfilecheck 2022-07-10 v1.10 Rerun checks for auxiliary files (HO)
 (d:/LaTex/texlive/2025/texmf-dist/tex/latex/base/atveryend-ltx.sty
Package: atveryend-ltx 2020/08/19 v1.0a Emulation of the original atveryend package
with kernel methods
) (d:/LaTex/texlive/2025/texmf-dist/tex/generic/uniquecounter/uniquecounter.sty
Package: uniquecounter 2019/12/15 v1.4 Provide unlimited unique counter (HO)
 (d:/LaTex/texlive/2025/texmf-dist/tex/generic/bigintcalc/bigintcalc.sty
Package: bigintcalc 2019/12/15 v1.5 Expandable calculations on big integers (HO)
))
Package uniquecounter Info: New unique counter `rerunfilecheck' on input line 285.
))
\c@Hy@tempcnt=\count319
LaTeX Info: Redefining \url on input line 4763.
\XeTeXLinkMargin=\dimen179
 (d:/LaTex/texlive/2025/texmf-dist/tex/generic/bitset/bitset.sty
Package: bitset 2019/12/09 v1.3 Handle bit-vector datatype (HO)
)
\Fld@menulength=\count320
\Field@Width=\dimen180
\Fld@charsize=\dimen181
Package hyperref Info: Hyper figures OFF on input line 6042.
Package hyperref Info: Link nesting OFF on input line 6047.
Package hyperref Info: Hyper index ON on input line 6050.
Package hyperref Info: backreferencing ON on input line 6055.
Package hyperref Info: Link coloring ON on input line 6060.
Package hyperref Info: Link coloring with OCG OFF on input line 6067.
Package hyperref Info: PDF/A mode OFF on input line 6072.
 (d:/LaTex/texlive/2025/texmf-dist/tex/latex/base/atbegshi-ltx.sty
Package: atbegshi-ltx 2021/01/10 v1.0c Emulation of the original atbegshi
package with kernel methods
)
\Hy@abspage=\count321
\c@Item=\count322
\c@Hfootnote=\count323
)
Package hyperref Info: Driver (autodetected): hpdftex.
 (d:/LaTex/texlive/2025/texmf-dist/tex/latex/hyperref/hpdftex.def
File: hpdftex.def 2024-11-05 v7.01l Hyperref driver for pdfTeX
\Fld@listcount=\count324
\c@bookmark@seq@number=\count325
\Hy@SectionHShift=\skip58
) (d:/LaTex/texlive/2025/texmf-dist/tex/latex/multirow/multirow.sty
Package: multirow 2024/11/12 v2.9 Span multiple rows of a table
\multirow@colwidth=\skip59
\multirow@cntb=\count326
\multirow@dima=\skip60
\bigstrutjot=\dimen182
) (d:/LaTex/texlive/2025/texmf-dist/tex/latex/tools/array.sty
Package: array 2024/10/17 v2.6g Tabular extension package (FMi)
\col@sep=\dimen183
\ar@mcellbox=\box58
\extrarowheight=\dimen184
\NC@list=\toks34
\extratabsurround=\skip61
\backup@length=\skip62
\ar@cellbox=\box59
) (d:/LaTex/texlive/2025/texmf-dist/tex/latex/cjk/texinput/UTF8/UTF8.enc
File: UTF8.enc 2021/10/16 4.8.5
) (d:/LaTex/texlive/2025/texmf-dist/tex/latex/cjk/texinput/UTF8/UTF8.chr
File: UTF8.chr 2021/10/16 4.8.5
) (d:/LaTex/texlive/2025/texmf-dist/tex/latex/cleveref/cleveref.sty
Package: cleveref 2018/03/27 v0.21.4 Intelligent cross-referencing
Package cleveref Info: `hyperref' support loaded on input line 2370.
LaTeX Info: Redefining \cref on input line 2370.
LaTeX Info: Redefining \Cref on input line 2370.
LaTeX Info: Redefining \crefrange on input line 2370.
LaTeX Info: Redefining \Crefrange on input line 2370.
LaTeX Info: Redefining \cpageref on input line 2370.
LaTeX Info: Redefining \Cpageref on input line 2370.
LaTeX Info: Redefining \cpagerefrange on input line 2370.
LaTeX Info: Redefining \Cpagerefrange on input line 2370.
LaTeX Info: Redefining \labelcref on input line 2370.
LaTeX Info: Redefining \labelcpageref on input line 2370.
Package cleveref Info: always capitalise cross-reference names on input line 7830.
Package cleveref Info: always capitalise cross-reference names on input line 7852.
)
LaTeX Font Info:    Trying to load font information for OT1+ptm on input line 15.
 (d:/LaTex/texlive/2025/texmf-dist/tex/latex/psnfss/ot1ptm.fd
File: ot1ptm.fd 2001/06/04 font definitions for OT1/ptm.
) (./report.aux)
\openout1 = `report.aux'.

LaTeX Font Info:    Checking defaults for OML/cmm/m/it on input line 15.
LaTeX Font Info:    ... okay on input line 15.
LaTeX Font Info:    Checking defaults for OMS/cmsy/m/n on input line 15.
LaTeX Font Info:    ... okay on input line 15.
LaTeX Font Info:    Checking defaults for OT1/cmr/m/n on input line 15.
LaTeX Font Info:    ... okay on input line 15.
LaTeX Font Info:    Checking defaults for T1/cmr/m/n on input line 15.
LaTeX Font Info:    ... okay on input line 15.
LaTeX Font Info:    Checking defaults for TS1/cmr/m/n on input line 15.
LaTeX Font Info:    ... okay on input line 15.
LaTeX Font Info:    Checking defaults for OMX/cmex/m/n on input line 15.
LaTeX Font Info:    ... okay on input line 15.
LaTeX Font Info:    Checking defaults for U/cmr/m/n on input line 15.
LaTeX Font Info:    ... okay on input line 15.
LaTeX Font Info:    Checking defaults for C00/song/m/n on input line 15.
LaTeX Font Info:    ... okay on input line 15.
LaTeX Font Info:    Checking defaults for C05/song/m/n on input line 15.
LaTeX Font Info:    ... okay on input line 15.
LaTeX Font Info:    Checking defaults for C09/song/m/n on input line 15.
LaTeX Font Info:    ... okay on input line 15.
LaTeX Font Info:    Checking defaults for C10/song/m/n on input line 15.
LaTeX Font Info:    ... okay on input line 15.
LaTeX Font Info:    Checking defaults for C20/song/m/n on input line 15.
LaTeX Font Info:    ... okay on input line 15.
LaTeX Font Info:    Checking defaults for C19/song/m/n on input line 15.
LaTeX Font Info:    ... okay on input line 15.
LaTeX Font Info:    Checking defaults for C40/song/m/n on input line 15.
LaTeX Font Info:    ... okay on input line 15.
LaTeX Font Info:    Checking defaults for C42/song/m/n on input line 15.
LaTeX Font Info:    ... okay on input line 15.
LaTeX Font Info:    Checking defaults for C43/song/m/n on input line 15.
LaTeX Font Info:    ... okay on input line 15.
LaTeX Font Info:    Checking defaults for C50/song/m/n on input line 15.
LaTeX Font Info:    ... okay on input line 15.
LaTeX Font Info:    Checking defaults for C52/song/m/n on input line 15.
LaTeX Font Info:    ... okay on input line 15.
LaTeX Font Info:    Checking defaults for C49/song/m/n on input line 15.
LaTeX Font Info:    ... okay on input line 15.
LaTeX Font Info:    Checking defaults for C60/mj/m/n on input line 15.
LaTeX Font Info:    ... okay on input line 15.
LaTeX Font Info:    Checking defaults for C61/mj/m/n on input line 15.
LaTeX Font Info:    ... okay on input line 15.
LaTeX Font Info:    Checking defaults for C63/mj/m/n on input line 15.
LaTeX Font Info:    ... okay on input line 15.
LaTeX Font Info:    Checking defaults for C64/mj/m/n on input line 15.
LaTeX Font Info:    ... okay on input line 15.
LaTeX Font Info:    Checking defaults for C65/mj/m/n on input line 15.
LaTeX Font Info:    ... okay on input line 15.
LaTeX Font Info:    Checking defaults for C70/song/m/n on input line 15.
LaTeX Font Info:    ... okay on input line 15.
LaTeX Font Info:    Checking defaults for C31/song/m/n on input line 15.
LaTeX Font Info:    ... okay on input line 15.
LaTeX Font Info:    Checking defaults for C32/song/m/n on input line 15.
LaTeX Font Info:    ... okay on input line 15.
LaTeX Font Info:    Checking defaults for C33/song/m/n on input line 15.
LaTeX Font Info:    ... okay on input line 15.
LaTeX Font Info:    Checking defaults for C34/song/m/n on input line 15.
LaTeX Font Info:    ... okay on input line 15.
LaTeX Font Info:    Checking defaults for C35/song/m/n on input line 15.
LaTeX Font Info:    ... okay on input line 15.
LaTeX Font Info:    Checking defaults for C36/song/m/n on input line 15.
LaTeX Font Info:    ... okay on input line 15.
LaTeX Font Info:    Checking defaults for C37/song/m/n on input line 15.
LaTeX Font Info:    ... okay on input line 15.
LaTeX Font Info:    Checking defaults for C80/song/m/n on input line 15.
LaTeX Font Info:    ... okay on input line 15.
LaTeX Font Info:    Checking defaults for C81/song/m/n on input line 15.
LaTeX Font Info:    ... okay on input line 15.
LaTeX Font Info:    Checking defaults for C01/song/m/n on input line 15.
LaTeX Font Info:    ... okay on input line 15.
LaTeX Font Info:    Checking defaults for C11/song/m/n on input line 15.
LaTeX Font Info:    ... okay on input line 15.
LaTeX Font Info:    Checking defaults for C21/song/m/n on input line 15.
LaTeX Font Info:    ... okay on input line 15.
LaTeX Font Info:    Checking defaults for C41/song/m/n on input line 15.
LaTeX Font Info:    ... okay on input line 15.
LaTeX Font Info:    Checking defaults for C62/song/m/n on input line 15.
LaTeX Font Info:    ... okay on input line 15.
LaTeX Font Info:    Checking defaults for PD1/pdf/m/n on input line 15.
LaTeX Font Info:    ... okay on input line 15.
LaTeX Font Info:    Checking defaults for PU/pdf/m/n on input line 15.
LaTeX Font Info:    ... okay on input line 15.
 (d:/LaTex/texlive/2025/texmf-dist/tex/context/base/mkii/supp-pdf.mkii
[Loading MPS to PDF converter (version 2006.09.02).]
\scratchcounter=\count327
\scratchdimen=\dimen185
\scratchbox=\box60
\nofMPsegments=\count328
\nofMParguments=\count329
\everyMPshowfont=\toks35
\MPscratchCnt=\count330
\MPscratchDim=\dimen186
\MPnumerator=\count331
\makeMPintoPDFobject=\count332
\everyMPtoPDFconversion=\toks36
) (d:/LaTex/texlive/2025/texmf-dist/tex/latex/epstopdf-pkg/epstopdf-base.sty
Package: epstopdf-base 2020-01-24 v2.11 Base part for package epstopdf
 (d:/LaTex/texlive/2025/texmf-dist/tex/latex/grfext/grfext.sty
Package: grfext 2019/12/03 v1.3 Manage graphics extensions (HO)
)
Package epstopdf-base Info: Redefining graphics rule for `.eps' on input line 485.
Package grfext Info: Graphics extension search list:
(grfext)             [.pdf,.png,.jpg,.mps,.jpeg,.jbig2,.jb2,.PDF,.PNG,.JPG,.JPEG,.JBIG2,.JB2,.eps]
(grfext)             \AppendGraphicsExtensions on input line 504.
 (d:/LaTex/texlive/2025/texmf-dist/tex/latex/latexconfig/epstopdf-sys.cfg
File: epstopdf-sys.cfg 2010/07/13 v1.3 Configuration of (r)epstopdf for TeX Live
))
Package caption Info: Begin \AtBeginDocument code.
Package caption Info: hyperref package is loaded.
Package caption Info: End \AtBeginDocument code.
 ABD: EveryShipout initializing macros
Package backref Info: ** backref set up for natbib ** on input line 15.
Package hyperref Info: Link coloring ON on input line 15.
 (./report.out) (./report.out)
\@outlinefile=\write3
\openout3 = `report.out'.

LaTeX Font Info:    Trying to load font information for C70+rm on input line 17.
 (d:/LaTex/texlive/2025/texmf-dist/tex/latex/ctex/fd/c70rm.fd
File: c70rm.fd 2022/07/14 v2.5.10 Chinese font definition (CTEX)
)
LaTeX Font Info:    Trying to load font information for U+msa on input line 17.
 (d:/LaTex/texlive/2025/texmf-dist/tex/latex/amsfonts/umsa.fd
File: umsa.fd 2013/01/14 v3.01 AMS symbols A
)
LaTeX Font Info:    Trying to load font information for U+msb on input line 17.
 (d:/LaTex/texlive/2025/texmf-dist/tex/latex/amsfonts/umsb.fd
File: umsb.fd 2013/01/14 v3.01 AMS symbols B
)
LaTeX Font Info:    Trying to load font information for OT1+pcr on input line 17.
 (d:/LaTex/texlive/2025/texmf-dist/tex/latex/psnfss/ot1pcr.fd
File: ot1pcr.fd 2001/06/04 font definitions for OT1/pcr.
)
LaTeX Font Info:    Trying to load font information for C70+zhfs on input line 17.
 (d:/LaTex/texlive/2025/texmf-dist/tex/latex/zhmetrics/c70zhfs.fd
File: c70zhfs.fd 2009/09/23 4.8.2
)
Package CJKpunct Info: use punctuation spaces for family 'zhkai' with punctstyle (quanjiao) on input line 19.
Package CJKpunct Info: use punctuation spaces for family 'rm' with punctstyle (quanjiao) on input line 23.




(d:/LaTex/texlive/2025/texmf-dist/tex/generic/ctex/zhmap/ctex-zhmap-windows.tex
File: ctex-zhmap-windows.tex 2022/07/14 v2.5.10 Windows font map loader for pdfTeX and DVIPDFMx (CTEX)
{d:/LaTex/texlive/2025/texmf-var/fonts/map/pdftex/updmap/pdftex.map}{UGBK.sfd}{Unicode.sfd}) [1


{d:/LaTex/texlive/2025/texmf-dist/fonts/enc/dvips/base/8r.enc}]

<../assets/figures/t0_default_00017.png, id=309, 602.25pt x 401.5pt>
File: ../assets/figures/t0_default_00017.png Graphic file (type png)
<use ../assets/figures/t0_default_00017.png>
Package pdftex.def Info: ../assets/figures/t0_default_00017.png  used on input line 84.
(pdftex.def)             Requested size: 73.51155pt x 49.00497pt.
<../assets/figures/smooth_bilateral_default_00017.png, id=310, 602.25pt x 401.5pt>
File: ../assets/figures/smooth_bilateral_default_00017.png Graphic file (type png)
<use ../assets/figures/smooth_bilateral_default_00017.png>
Package pdftex.def Info: ../assets/figures/smooth_bilateral_default_00017.png  used on input line 88.
(pdftex.def)             Requested size: 73.51155pt x 49.00497pt.
<../assets/figures/smooth_guided_default_00017.png, id=311, 602.25pt x 401.5pt>
File: ../assets/figures/smooth_guided_default_00017.png Graphic file (type png)
<use ../assets/figures/smooth_guided_default_00017.png>
Package pdftex.def Info: ../assets/figures/smooth_guided_default_00017.png  used on input line 92.
(pdftex.def)             Requested size: 73.51155pt x 49.00497pt.

Overfull \hbox (21.82365pt too wide) in paragraph at lines 108--116
 [][] 
 []

<../assets/figures/main_method_comparison.png, id=313, 787.086pt x 251.631pt>
File: ../assets/figures/main_method_comparison.png Graphic file (type png)
<use ../assets/figures/main_method_comparison.png>
Package pdftex.def Info: ../assets/figures/main_method_comparison.png  used on input line 120.
(pdftex.def)             Requested size: 237.13594pt x 75.8124pt.


[2 <../assets/figures/t0_default_00017.png (PNG copy)> <../assets/figures/smooth_bilateral_default_00017.png (PNG copy)> <../assets/figures/smooth_guided_default_00017.png (PNG copy)>]
<../assets/figures/comparison_bilateral_default_00017.png, id=349, 1806.75pt x 401.5pt>
File: ../assets/figures/comparison_bilateral_default_00017.png Graphic file (type png)
<use ../assets/figures/comparison_bilateral_default_00017.png>
Package pdftex.def Info: ../assets/figures/comparison_bilateral_default_00017.png  used on input line 134.
(pdftex.def)             Requested size: 237.13594pt x 52.69305pt.

Overfull \hbox (5.0pt too wide) in paragraph at lines 134--135
 [][] 
 []

<../assets/figures/comparison_guided_default_00017.png, id=350, 1806.75pt x 401.5pt>
File: ../assets/figures/comparison_guided_default_00017.png Graphic file (type png)
<use ../assets/figures/comparison_guided_default_00017.png>
Package pdftex.def Info: ../assets/figures/comparison_guided_default_00017.png  used on input line 138.
(pdftex.def)             Requested size: 237.13594pt x 52.69305pt.

Overfull \hbox (5.0pt too wide) in paragraph at lines 138--139
 [][] 
 []

<../assets/figures/comparison_guided_default_00051.png, id=354, 1806.75pt x 401.5pt>
File: ../assets/figures/comparison_guided_default_00051.png Graphic file (type png)
<use ../assets/figures/comparison_guided_default_00051.png>
Package pdftex.def Info: ../assets/figures/comparison_guided_default_00051.png  used on input line 149.
(pdftex.def)             Requested size: 237.13594pt x 52.69305pt.

Overfull \hbox (5.0pt too wide) in paragraph at lines 149--150
 [][] 
 []

<../assets/figures/comparison_guided_default_00091.png, id=355, 1806.75pt x 401.5pt>
File: ../assets/figures/comparison_guided_default_00091.png Graphic file (type png)
<use ../assets/figures/comparison_guided_default_00091.png>
Package pdftex.def Info: ../assets/figures/comparison_guided_default_00091.png  used on input line 153.
(pdftex.def)             Requested size: 237.13594pt x 52.69305pt.

Overfull \hbox (5.0pt too wide) in paragraph at lines 153--154
 [][] 
 []



<../assets/figures/bilateral_diameter_curve.png, id=358, 859.356pt x 257.544pt>
File: ../assets/figures/bilateral_diameter_curve.png Graphic file (type png)
<use ../assets/figures/bilateral_diameter_curve.png>
Package pdftex.def Info: ../assets/figures/bilateral_diameter_curve.png  used on input line 184.
(pdftex.def)             Requested size: 237.13594pt x 71.0665pt.


[3 <../assets/figures/main_method_comparison.png> <../assets/figures/comparison_bilateral_default_00017.png (PNG copy)> <../assets/figures/comparison_guided_default_00017.png (PNG copy)> <../assets/figures/comparison_guided_default_00051.png (PNG copy)> <../assets/figures/comparison_guided_default_00091.png (PNG copy)>]
<../assets/figures/bilateral_sigma_color_curve.png, id=382, 859.356pt x 257.544pt>
File: ../assets/figures/bilateral_sigma_color_curve.png Graphic file (type png)
<use ../assets/figures/bilateral_sigma_color_curve.png>
Package pdftex.def Info: ../assets/figures/bilateral_sigma_color_curve.png  used on input line 212.
(pdftex.def)             Requested size: 237.13594pt x 71.0665pt.
<../assets/figures/bilateral_sigma_space_curve.png, id=385, 859.356pt x 257.544pt>
File: ../assets/figures/bilateral_sigma_space_curve.png Graphic file (type png)
<use ../assets/figures/bilateral_sigma_space_curve.png>
Package pdftex.def Info: ../assets/figures/bilateral_sigma_space_curve.png  used on input line 240.
(pdftex.def)             Requested size: 237.13594pt x 71.0665pt.
<../assets/experiments/bilateral_d3/smooth/00017.png, id=386, 602.25pt x 401.5pt>
File: ../assets/experiments/bilateral_d3/smooth/00017.png Graphic file (type png)
<use ../assets/experiments/bilateral_d3/smooth/00017.png>
Package pdftex.def Info: ../assets/experiments/bilateral_d3/smooth/00017.png  used on input line 249.
(pdftex.def)             Requested size: 73.51155pt x 49.00497pt.
<../assets/experiments/bilateral_d35/smooth/00017.png, id=387, 602.25pt x 401.5pt>
File: ../assets/experiments/bilateral_d35/smooth/00017.png Graphic file (type png)
<use ../assets/experiments/bilateral_d35/smooth/00017.png>
Package pdftex.def Info: ../assets/experiments/bilateral_d35/smooth/00017.png  used on input line 253.
(pdftex.def)             Requested size: 73.51155pt x 49.00497pt.
<../assets/experiments/bilateral_sc001/smooth/00017.png, id=388, 602.25pt x 401.5pt>
File: ../assets/experiments/bilateral_sc001/smooth/00017.png Graphic file (type png)
<use ../assets/experiments/bilateral_sc001/smooth/00017.png>
Package pdftex.def Info: ../assets/experiments/bilateral_sc001/smooth/00017.png  used on input line 257.
(pdftex.def)             Requested size: 73.51155pt x 49.00497pt.
<../assets/experiments/bilateral_sc040/smooth/00017.png, id=389, 602.25pt x 401.5pt>
File: ../assets/experiments/bilateral_sc040/smooth/00017.png Graphic file (type png)
<use ../assets/experiments/bilateral_sc040/smooth/00017.png>
Package pdftex.def Info: ../assets/experiments/bilateral_sc040/smooth/00017.png  used on input line 261.
(pdftex.def)             Requested size: 73.51155pt x 49.00497pt.
<../assets/experiments/bilateral_ss3/smooth/00017.png, id=390, 602.25pt x 401.5pt>
File: ../assets/experiments/bilateral_ss3/smooth/00017.png Graphic file (type png)
<use ../assets/experiments/bilateral_ss3/smooth/00017.png>
Package pdftex.def Info: ../assets/experiments/bilateral_ss3/smooth/00017.png  used on input line 265.
(pdftex.def)             Requested size: 73.51155pt x 49.00497pt.
<../assets/experiments/bilateral_ss90/smooth/00017.png, id=391, 602.25pt x 401.5pt>
File: ../assets/experiments/bilateral_ss90/smooth/00017.png Graphic file (type png)
<use ../assets/experiments/bilateral_ss90/smooth/00017.png>
Package pdftex.def Info: ../assets/experiments/bilateral_ss90/smooth/00017.png  used on input line 269.
(pdftex.def)             Requested size: 73.51155pt x 49.00497pt.




[4 <../assets/figures/bilateral_diameter_curve.png> <../assets/figures/bilateral_sigma_color_curve.png> <../assets/figures/bilateral_sigma_space_curve.png> <../assets/experiments/bilateral_d3/smooth/00017.png (PNG copy)> <../assets/experiments/bilateral_d35/smooth/00017.png (PNG copy)> <../assets/experiments/bilateral_sc001/smooth/00017.png (PNG copy)> <../assets/experiments/bilateral_sc040/smooth/00017.png (PNG copy)> <../assets/experiments/bilateral_ss3/smooth/00017.png (PNG copy)> <../assets/experiments/bilateral_ss90/smooth/00017.png (PNG copy)>]
<../assets/figures/guided_radius_curve.png, id=409, 859.356pt x 257.544pt>
File: ../assets/figures/guided_radius_curve.png Graphic file (type png)
<use ../assets/figures/guided_radius_curve.png>
Package pdftex.def Info: ../assets/figures/guided_radius_curve.png  used on input line 299.
(pdftex.def)             Requested size: 237.13594pt x 71.0665pt.

Overfull \hbox (2.55983pt too wide) in paragraph at lines 311--323
 [][] 
 []

<../assets/figures/guided_eps_curve.png, id=412, 852.129pt x 257.544pt>
File: ../assets/figures/guided_eps_curve.png Graphic file (type png)
<use ../assets/figures/guided_eps_curve.png>
Package pdftex.def Info: ../assets/figures/guided_eps_curve.png  used on input line 327.
(pdftex.def)             Requested size: 237.13594pt x 71.66776pt.
<../assets/experiments/guided_r2/smooth/00017.png, id=413, 602.25pt x 401.5pt>
File: ../assets/experiments/guided_r2/smooth/00017.png Graphic file (type png)
<use ../assets/experiments/guided_r2/smooth/00017.png>
Package pdftex.def Info: ../assets/experiments/guided_r2/smooth/00017.png  used on input line 336.
(pdftex.def)             Requested size: 113.82423pt x 75.88144pt.
<../assets/experiments/guided_r32/smooth/00017.png, id=414, 602.25pt x 401.5pt>
File: ../assets/experiments/guided_r32/smooth/00017.png Graphic file (type png)
<use ../assets/experiments/guided_r32/smooth/00017.png>
Package pdftex.def Info: ../assets/experiments/guided_r32/smooth/00017.png  used on input line 340.
(pdftex.def)             Requested size: 113.82423pt x 75.88144pt.
<../assets/experiments/guided_eps1e-6/smooth/00017.png, id=415, 602.25pt x 401.5pt>
File: ../assets/experiments/guided_eps1e-6/smooth/00017.png Graphic file (type png)
<use ../assets/experiments/guided_eps1e-6/smooth/00017.png>
Package pdftex.def Info: ../assets/experiments/guided_eps1e-6/smooth/00017.png  used on input line 343.
(pdftex.def)             Requested size: 113.82423pt x 75.88144pt.
<../assets/experiments/guided_eps1e-1/smooth/00017.png, id=416, 602.25pt x 401.5pt>
File: ../assets/experiments/guided_eps1e-1/smooth/00017.png Graphic file (type png)
<use ../assets/experiments/guided_eps1e-1/smooth/00017.png>
Package pdftex.def Info: ../assets/experiments/guided_eps1e-1/smooth/00017.png  used on input line 347.
(pdftex.def)             Requested size: 113.82423pt x 75.88144pt.



Overfull \hbox (1.41747pt too wide) in paragraph at lines 359--371
 [][] 
 []

<../assets/figures/guided_tmin_curve.png, id=419, 857.7135pt x 257.2155pt>
File: ../assets/figures/guided_tmin_curve.png Graphic file (type png)
<use ../assets/figures/guided_tmin_curve.png>
Package pdftex.def Info: ../assets/figures/guided_tmin_curve.png  used on input line 375.
(pdftex.def)             Requested size: 237.13594pt x 71.11322pt.
<../assets/experiments/guided_tmin002/enhanced/00017.png, id=420, 602.25pt x 401.5pt>
File: ../assets/experiments/guided_tmin002/enhanced/00017.png Graphic file (type png)
<use ../assets/experiments/guided_tmin002/enhanced/00017.png>
Package pdftex.def Info: ../assets/experiments/guided_tmin002/enhanced/00017.png  used on input line 384.
(pdftex.def)             Requested size: 73.51155pt x 49.00497pt.
<../assets/experiments/guided_tmin005/enhanced/00017.png, id=421, 602.25pt x 401.5pt>
File: ../assets/experiments/guided_tmin005/enhanced/00017.png Graphic file (type png)
<use ../assets/experiments/guided_tmin005/enhanced/00017.png>
Package pdftex.def Info: ../assets/experiments/guided_tmin005/enhanced/00017.png  used on input line 388.
(pdftex.def)             Requested size: 73.51155pt x 49.00497pt.
<../assets/experiments/guided_tmin008/enhanced/00017.png, id=422, 602.25pt x 401.5pt>
File: ../assets/experiments/guided_tmin008/enhanced/00017.png Graphic file (type png)
<use ../assets/experiments/guided_tmin008/enhanced/00017.png>
Package pdftex.def Info: ../assets/experiments/guided_tmin008/enhanced/00017.png  used on input line 392.
(pdftex.def)             Requested size: 73.51155pt x 49.00497pt.
<../assets/experiments/guided_tmin010/enhanced/00017.png, id=423, 602.25pt x 401.5pt>
File: ../assets/experiments/guided_tmin010/enhanced/00017.png Graphic file (type png)
<use ../assets/experiments/guided_tmin010/enhanced/00017.png>
Package pdftex.def Info: ../assets/experiments/guided_tmin010/enhanced/00017.png  used on input line 396.
(pdftex.def)             Requested size: 73.51155pt x 49.00497pt.
<../assets/experiments/guided_tmin015/enhanced/00017.png, id=424, 602.25pt x 401.5pt>
File: ../assets/experiments/guided_tmin015/enhanced/00017.png Graphic file (type png)
<use ../assets/experiments/guided_tmin015/enhanced/00017.png>
Package pdftex.def Info: ../assets/experiments/guided_tmin015/enhanced/00017.png  used on input line 400.
(pdftex.def)             Requested size: 73.51155pt x 49.00497pt.
<../assets/experiments/guided_tmin025/enhanced/00017.png, id=425, 602.25pt x 401.5pt>
File: ../assets/experiments/guided_tmin025/enhanced/00017.png Graphic file (type png)
<use ../assets/experiments/guided_tmin025/enhanced/00017.png>
Package pdftex.def Info: ../assets/experiments/guided_tmin025/enhanced/00017.png  used on input line 404.
(pdftex.def)             Requested size: 73.51155pt x 49.00497pt.


[5 <../assets/figures/guided_radius_curve.png> <../assets/figures/guided_eps_curve.png>]

<../assets/figures/guided_gamma_curve.png, id=450, 859.356pt x 257.2155pt>
File: ../assets/figures/guided_gamma_curve.png Graphic file (type png)
<use ../assets/figures/guided_gamma_curve.png>
Package pdftex.def Info: ../assets/figures/guided_gamma_curve.png  used on input line 432.
(pdftex.def)             Requested size: 237.13594pt x 70.97585pt.
<../assets/experiments/guided_gamma04/enhanced/00017.png, id=451, 602.25pt x 401.5pt>
File: ../assets/experiments/guided_gamma04/enhanced/00017.png Graphic file (type png)
<use ../assets/experiments/guided_gamma04/enhanced/00017.png>
Package pdftex.def Info: ../assets/experiments/guided_gamma04/enhanced/00017.png  used on input line 441.
(pdftex.def)             Requested size: 73.51155pt x 49.00497pt.
<../assets/experiments/guided_gamma06/enhanced/00017.png, id=452, 602.25pt x 401.5pt>
File: ../assets/experiments/guided_gamma06/enhanced/00017.png Graphic file (type png)
<use ../assets/experiments/guided_gamma06/enhanced/00017.png>
Package pdftex.def Info: ../assets/experiments/guided_gamma06/enhanced/00017.png  used on input line 445.
(pdftex.def)             Requested size: 73.51155pt x 49.00497pt.
<../assets/experiments/guided_gamma08/enhanced/00017.png, id=453, 602.25pt x 401.5pt>
File: ../assets/experiments/guided_gamma08/enhanced/00017.png Graphic file (type png)
<use ../assets/experiments/guided_gamma08/enhanced/00017.png>
Package pdftex.def Info: ../assets/experiments/guided_gamma08/enhanced/00017.png  used on input line 449.
(pdftex.def)             Requested size: 73.51155pt x 49.00497pt.
<../assets/experiments/guided_gamma10/enhanced/00017.png, id=454, 602.25pt x 401.5pt>
File: ../assets/experiments/guided_gamma10/enhanced/00017.png Graphic file (type png)
<use ../assets/experiments/guided_gamma10/enhanced/00017.png>
Package pdftex.def Info: ../assets/experiments/guided_gamma10/enhanced/00017.png  used on input line 453.
(pdftex.def)             Requested size: 73.51155pt x 49.00497pt.
<../assets/experiments/guided_gamma12/enhanced/00017.png, id=455, 602.25pt x 401.5pt>
File: ../assets/experiments/guided_gamma12/enhanced/00017.png Graphic file (type png)
<use ../assets/experiments/guided_gamma12/enhanced/00017.png>
Package pdftex.def Info: ../assets/experiments/guided_gamma12/enhanced/00017.png  used on input line 457.
(pdftex.def)             Requested size: 73.51155pt x 49.00497pt.
<../assets/experiments/guided_gamma14/enhanced/00017.png, id=456, 602.25pt x 401.5pt>
File: ../assets/experiments/guided_gamma14/enhanced/00017.png Graphic file (type png)
<use ../assets/experiments/guided_gamma14/enhanced/00017.png>
Package pdftex.def Info: ../assets/experiments/guided_gamma14/enhanced/00017.png  used on input line 461.
(pdftex.def)             Requested size: 73.51155pt x 49.00497pt.


[6 <../assets/experiments/guided_r2/smooth/00017.png (PNG copy)> <../assets/experiments/guided_r32/smooth/00017.png (PNG copy)> <../assets/experiments/guided_eps1e-6/smooth/00017.png (PNG copy)> <../assets/experiments/guided_eps1e-1/smooth/00017.png (PNG copy)> <../assets/figures/guided_tmin_curve.png> <../assets/experiments/guided_tmin002/enhanced/00017.png (PNG copy)> <../assets/experiments/guided_tmin005/enhanced/00017.png (PNG copy)> <../assets/experiments/guided_tmin008/enhanced/00017.png (PNG copy)> <../assets/experiments/guided_tmin010/enhanced/00017.png (PNG copy)> <../assets/experiments/guided_tmin015/enhanced/00017.png (PNG copy)> <../assets/experiments/guided_tmin025/enhanced/00017.png (PNG copy)>]

<../assets/figures/ccb_deltaab_enhanced_00051.png, id=466, 602.25pt x 401.5pt>
File: ../assets/figures/ccb_deltaab_enhanced_00051.png Graphic file (type png)
<use ../assets/figures/ccb_deltaab_enhanced_00051.png>
Package pdftex.def Info: ../assets/figures/ccb_deltaab_enhanced_00051.png  used on input line 488.
(pdftex.def)             Requested size: 113.82423pt x 75.88144pt.
<../assets/figures/ccb_deltaab_enhanced_00091.png, id=467, 602.25pt x 401.5pt>
File: ../assets/figures/ccb_deltaab_enhanced_00091.png Graphic file (type png)
<use ../assets/figures/ccb_deltaab_enhanced_00091.png>
Package pdftex.def Info: ../assets/figures/ccb_deltaab_enhanced_00091.png  used on input line 492.
(pdftex.def)             Requested size: 113.82423pt x 75.88144pt.


[7 <../assets/figures/guided_gamma_curve.png> <../assets/experiments/guided_gamma04/enhanced/00017.png (PNG copy)> <../assets/experiments/guided_gamma06/enhanced/00017.png (PNG copy)> <../assets/experiments/guided_gamma08/enhanced/00017.png (PNG copy)> <../assets/experiments/guided_gamma10/enhanced/00017.png (PNG copy)> <../assets/experiments/guided_gamma12/enhanced/00017.png (PNG copy)> <../assets/experiments/guided_gamma14/enhanced/00017.png (PNG copy)>]
<../assets/figures/ccb_compare_corrected_00051.png, id=489, 1806.75pt x 401.5pt>
File: ../assets/figures/ccb_compare_corrected_00051.png Graphic file (type png)
<use ../assets/figures/ccb_compare_corrected_00051.png>
Package pdftex.def Info: ../assets/figures/ccb_compare_corrected_00051.png  used on input line 518.
(pdftex.def)             Requested size: 237.13594pt x 52.69305pt.

Overfull \hbox (5.0pt too wide) in paragraph at lines 518--519
 [][] 
 []

<../assets/figures/ccb_compare_corrected_00091.png, id=490, 1806.75pt x 401.5pt>
File: ../assets/figures/ccb_compare_corrected_00091.png Graphic file (type png)
<use ../assets/figures/ccb_compare_corrected_00091.png>
Package pdftex.def Info: ../assets/figures/ccb_compare_corrected_00091.png  used on input line 522.
(pdftex.def)             Requested size: 237.13594pt x 52.69305pt.

Overfull \hbox (5.0pt too wide) in paragraph at lines 522--523
 [][] 
 []




Overfull \hbox (14.32365pt too wide) in paragraph at lines 533--544
 [][] 
 []


Overfull \hbox (3.99356pt too wide) in paragraph at lines 552--560
 [][] 
 []

<../assets/figures/ccb_deltaab_corrected_00051.png, id=497, 602.25pt x 401.5pt>
File: ../assets/figures/ccb_deltaab_corrected_00051.png Graphic file (type png)
<use ../assets/figures/ccb_deltaab_corrected_00051.png>
Package pdftex.def Info: ../assets/figures/ccb_deltaab_corrected_00051.png  used on input line 568.
(pdftex.def)             Requested size: 113.82423pt x 75.88144pt.
<../assets/figures/ccb_deltaab_corrected_00091.png, id=498, 602.25pt x 401.5pt>
File: ../assets/figures/ccb_deltaab_corrected_00091.png Graphic file (type png)
<use ../assets/figures/ccb_deltaab_corrected_00091.png>
Package pdftex.def Info: ../assets/figures/ccb_deltaab_corrected_00091.png  used on input line 572.
(pdftex.def)             Requested size: 113.82423pt x 75.88144pt.


[8 <../assets/figures/ccb_deltaab_enhanced_00051.png (PNG copy)> <../assets/figures/ccb_deltaab_enhanced_00091.png (PNG copy)> <../assets/figures/ccb_compare_corrected_00051.png (PNG copy)> <../assets/figures/ccb_compare_corrected_00091.png (PNG copy)>]
<../assets/figures/ccb_alpha_max_curve.png, id=516, 859.356pt x 251.3025pt>
File: ../assets/figures/ccb_alpha_max_curve.png Graphic file (type png)
<use ../assets/figures/ccb_alpha_max_curve.png>
Package pdftex.def Info: ../assets/figures/ccb_alpha_max_curve.png  used on input line 600.
(pdftex.def)             Requested size: 237.13594pt x 69.34422pt.


<../assets/figures/ccb_alpha_max_grid_00051.png, id=518, 643.203pt x 358.065pt>
File: ../assets/figures/ccb_alpha_max_grid_00051.png Graphic file (type png)
<use ../assets/figures/ccb_alpha_max_grid_00051.png>
Package pdftex.def Info: ../assets/figures/ccb_alpha_max_grid_00051.png  used on input line 609.
(pdftex.def)             Requested size: 237.13594pt x 132.0121pt.
(./report.bbl (./report.brf)
\tf@brf=\write4
\openout4 = `report.brf'.



[9 <../assets/figures/ccb_deltaab_corrected_00051.png (PNG copy)> <../assets/figures/ccb_deltaab_corrected_00091.png (PNG copy)> <../assets/figures/ccb_alpha_max_curve.png> <../assets/figures/ccb_alpha_max_grid_00051.png>])



[10

] (./report.aux)
 ***********
LaTeX2e <2024-11-01> patch level 2
L3 programming layer <2022/07/14>
 ***********
Package rerunfilecheck Info: File `report.out' has not changed.
(rerunfilecheck)             Checksum: FA0434A921332B91CC784E34F2BB7546;1336.
Package rerunfilecheck Info: File `report.brf' has not changed.
(rerunfilecheck)             Checksum: 43DC9A0EC28EEDE06ABA0831AC51FEB5;655.
 ) 
Here is how much of TeX's memory you used:
 20533 strings out of 473190
 366570 string characters out of 5716853
 800108 words of memory out of 5000000
 42934 multiletter control sequences out of 15000+600000
 659977 words of font info for 373 fonts, out of 8000000 for 9000
 1141 hyphenation exceptions out of 8191
 90i,11n,93p,1556b,653s stack positions out of 10000i,1000n,20000p,200000b,200000s
<c:/Windows/Fonts/simhei.ttf><c:/Windows/Fonts/simhei.ttf><c:/Windows/Fonts/simsun.ttc><c:/Windows/Fonts/simsun.ttc><c:/Windows/Fonts/simsun.ttc><c:/Windows/Fonts/simhei.ttf><c:/Windows/Fonts/simhei.ttf><c:/Windows/Fonts/simhei.ttf><c:/Windows/Fonts/simhei.ttf><c:/Windows/Fonts/simhei.ttf><c:/Windows/Fonts/simhei.ttf><c:/Windows/Fonts/simhei.ttf><c:/Windows/Fonts/simhei.ttf><c:/Windows/Fonts/simhei.ttf><c:/Windows/Fonts/simsun.ttc><c:/Windows/Fonts/simsun.ttc><c:/Windows/Fonts/simsun.ttc><c:/Windows/Fonts/simsun.ttc><c:/Windows/Fonts/simsun.ttc><c:/Windows/Fonts/simhei.ttf><c:/Windows/Fonts/simsun.ttc><c:/Windows/Fonts/simsun.ttc><c:/Windows/Fonts/simsun.ttc><c:/Windows/Fonts/simsun.ttc><c:/Windows/Fonts/simsun.ttc><c:/Windows/Fonts/simsun.ttc><c:/Windows/Fonts/simhei.ttf><c:/Windows/Fonts/simsun.ttc><c:/Windows/Fonts/simsun.ttc><c:/Windows/Fonts/simsun.ttc><c:/Windows/Fonts/simsun.ttc><c:/Windows/Fonts/simsun.ttc><c:/Windows/Fonts/simsun.ttc><c:/Windows/Fonts/simsun.ttc><c:/Windows/Fonts/simsun.ttc><c:/Windows/Fonts/simsun.ttc><c:/Windows/Fonts/simsun.ttc><c:/Windows/Fonts/simsun.ttc><c:/Windows/Fonts/simsun.ttc><c:/Windows/Fonts/simsun.ttc><c:/Windows/Fonts/simsun.ttc><c:/Windows/Fonts/simsun.ttc><c:/Windows/Fonts/simsun.ttc><c:/Windows/Fonts/simsun.ttc><c:/Windows/Fonts/simsun.ttc><c:/Windows/Fonts/simsun.ttc><c:/Windows/Fonts/simsun.ttc><c:/Windows/Fonts/simsun.ttc><c:/Windows/Fonts/simsun.ttc><c:/Windows/Fonts/simsun.ttc><c:/Windows/Fonts/simsun.ttc><c:/Windows/Fonts/simsun.ttc><c:/Windows/Fonts/simsun.ttc><c:/Windows/Fonts/simsun.ttc><c:/Windows/Fonts/simsun.ttc><c:/Windows/Fonts/simsun.ttc><c:/Windows/Fonts/simsun.ttc><c:/Windows/Fonts/simsun.ttc><c:/Windows/Fonts/simsun.ttc><c:/Windows/Fonts/simsun.ttc><c:/Windows/Fonts/simsun.ttc><c:/Windows/Fonts/simsun.ttc><c:/Windows/Fonts/simsun.ttc><c:/Windows/Fonts/simsun.ttc><c:/Windows/Fonts/simsun.ttc><c:/Windows/Fonts/simsun.ttc><c:/Windows/Fonts/simsun.ttc><c:/Windows/Fonts/simsun.ttc><c:/Windows/Fonts/simsun.ttc><c:/Windows/Fonts/simsun.ttc><c:/Windows/Fonts/simsun.ttc><c:/Windows/Fonts/simsun.ttc><c:/Windows/Fonts/simsun.ttc><c:/Windows/Fonts/simsun.ttc><c:/Windows/Fonts/simsun.ttc><c:/Windows/Fonts/simsun.ttc><c:/Windows/Fonts/simsun.ttc><c:/Windows/Fonts/simsun.ttc><c:/Windows/Fonts/simsun.ttc><c:/Windows/Fonts/simsun.ttc><c:/Windows/Fonts/simsun.ttc><c:/Windows/Fonts/simsun.ttc><c:/Windows/Fonts/simhei.ttf><c:/Windows/Fonts/simhei.ttf><c:/Windows/Fonts/simhei.ttf><c:/Windows/Fonts/simhei.ttf><c:/Windows/Fonts/simhei.ttf><c:/Windows/Fonts/simhei.ttf><c:/Windows/Fonts/simkai.ttf><c:/Windows/Fonts/simkai.ttf><c:/Windows/Fonts/simkai.ttf><c:/Windows/Fonts/simkai.ttf><c:/Windows/Fonts/simkai.ttf><c:/Windows/Fonts/simkai.ttf><c:/Windows/Fonts/simkai.ttf><c:/Windows/Fonts/simkai.ttf><c:/Windows/Fonts/simkai.ttf><c:/Windows/Fonts/simkai.ttf><c:/Windows/Fonts/simkai.ttf><c:/Windows/Fonts/simkai.ttf><c:/Windows/Fonts/simkai.ttf><c:/Windows/Fonts/simkai.ttf><c:/Windows/Fonts/simkai.ttf><c:/Windows/Fonts/simkai.ttf><c:/Windows/Fonts/simkai.ttf><c:/Windows/Fonts/simkai.ttf><c:/Windows/Fonts/simkai.ttf><c:/Windows/Fonts/simkai.ttf><c:/Windows/Fonts/simkai.ttf><c:/Windows/Fonts/simkai.ttf><c:/Windows/Fonts/simkai.ttf><c:/Windows/Fonts/simkai.ttf><c:/Windows/Fonts/simkai.ttf><c:/Windows/Fonts/simkai.ttf><c:/Windows/Fonts/simkai.ttf><c:/Windows/Fonts/simkai.ttf><c:/Windows/Fonts/simkai.ttf><c:/Windows/Fonts/simkai.ttf><c:/Windows/Fonts/simkai.ttf><c:/Windows/Fonts/simkai.ttf><c:/Windows/Fonts/simkai.ttf><c:/Windows/Fonts/simkai.ttf><c:/Windows/Fonts/simkai.ttf><c:/Windows/Fonts/simkai.ttf><c:/Windows/Fonts/simkai.ttf><c:/Windows/Fonts/simkai.ttf><c:/Windows/Fonts/simkai.ttf><c:/Windows/Fonts/simkai.ttf><c:/Windows/Fonts/simkai.ttf><c:/Windows/Fonts/simkai.ttf><c:/Windows/Fonts/simkai.ttf><c:/Windows/Fonts/simkai.ttf><c:/Windows/Fonts/simkai.ttf><c:/Windows/Fonts/simkai.ttf><c:/Windows/Fonts/simkai.ttf><c:/Windows/Fonts/simkai.ttf><c:/Windows/Fonts/simkai.ttf><c:/Windows/Fonts/simkai.ttf><c:/Windows/Fonts/simkai.ttf><c:/Windows/Fonts/simkai.ttf><c:/Windows/Fonts/simkai.ttf><c:/Windows/Fonts/simkai.ttf><c:/Windows/Fonts/simfang.ttf><c:/Windows/Fonts/simfang.ttf><c:/Windows/Fonts/simfang.ttf><c:/Windows/Fonts/simfang.ttf><c:/Windows/Fonts/simfang.ttf><c:/Windows/Fonts/simsun.ttc><c:/Windows/Fonts/simsun.ttc><c:/Windows/Fonts/simsun.ttc><c:/Windows/Fonts/simsun.ttc><c:/Windows/Fonts/simsun.ttc><c:/Windows/Fonts/simsun.ttc><c:/Windows/Fonts/simhei.ttf><c:/Windows/Fonts/simhei.ttf><c:/Windows/Fonts/simhei.ttf><c:/Windows/Fonts/simhei.ttf><c:/Windows/Fonts/simhei.ttf><c:/Windows/Fonts/simhei.ttf><c:/Windows/Fonts/simhei.ttf><c:/Windows/Fonts/simhei.ttf><c:/Windows/Fonts/simhei.ttf><c:/Windows/Fonts/simhei.ttf><c:/Windows/Fonts/simhei.ttf><c:/Windows/Fonts/simhei.ttf><c:/Windows/Fonts/simhei.ttf><c:/Windows/Fonts/simhei.ttf><c:/Windows/Fonts/simhei.ttf><c:/Windows/Fonts/simhei.ttf><c:/Windows/Fonts/simhei.ttf><c:/Windows/Fonts/simhei.ttf><d:/LaTex/texlive/2025/texmf-dist/fonts/type1/public/amsfonts/cm/cmex10.pfb><d:/LaTex/texlive/2025/texmf-dist/fonts/type1/public/amsfonts/cm/cmmi10.pfb><d:/LaTex/texlive/2025/texmf-dist/fonts/type1/public/amsfonts/cm/cmmi5.pfb><d:/LaTex/texlive/2025/texmf-dist/fonts/type1/public/amsfonts/cm/cmmi6.pfb><d:/LaTex/texlive/2025/texmf-dist/fonts/type1/public/amsfonts/cm/cmmi7.pfb><d:/LaTex/texlive/2025/texmf-dist/fonts/type1/public/amsfonts/cm/cmmi8.pfb><d:/LaTex/texlive/2025/texmf-dist/fonts/type1/public/amsfonts/cm/cmmi9.pfb><d:/LaTex/texlive/2025/texmf-dist/fonts/type1/public/amsfonts/cm/cmr10.pfb><d:/LaTex/texlive/2025/texmf-dist/fonts/type1/public/amsfonts/cm/cmr6.pfb><d:/LaTex/texlive/2025/texmf-dist/fonts/type1/public/amsfonts/cm/cmr7.pfb><d:/LaTex/texlive/2025/texmf-dist/fonts/type1/public/amsfonts/cm/cmr8.pfb><d:/LaTex/texlive/2025/texmf-dist/fonts/type1/public/amsfonts/cm/cmr9.pfb><d:/LaTex/texlive/2025/texmf-dist/fonts/type1/public/amsfonts/cm/cmsy10.pfb><d:/LaTex/texlive/2025/texmf-dist/fonts/type1/public/amsfonts/cm/cmsy6.pfb><d:/LaTex/texlive/2025/texmf-dist/fonts/type1/public/amsfonts/cm/cmsy7.pfb><d:/LaTex/texlive/2025/texmf-dist/fonts/type1/urw/courier/ucrr8a.pfb><d:/LaTex/texlive/2025/texmf-dist/fonts/type1/urw/times/utmb8a.pfb><d:/LaTex/texlive/2025/texmf-dist/fonts/type1/urw/times/utmr8a.pfb><d:/LaTex/texlive/2025/texmf-dist/fonts/type1/urw/times/utmri8a.pfb>
Output written on report.pdf (10 pages, 19729837 bytes).
PDF statistics:
 1170 PDF objects out of 1200 (max. 8388607)
 810 compressed objects within 9 object streams
 97 named destinations out of 1000 (max. 500000)
 630 words of extra memory for PDF output out of 10000 (max. 10000000)

